// Vitest Snapshot v1, https://vitest.dev/guide/snapshot.html

exports[`ResultsList > renders loading indicator (spinner, skeleton, etc.) 1`] = `
<div>
  <div
    class="card-grid"
  >
    <div
      class="card skeleton-card"
    >
      <div
        class="skeleton-image"
      />
      <div
        class="card-content"
      >
        <div
          class="skeleton-title"
        />
        <div
          class="skeleton-text"
        />
        <div
          class="skeleton-text"
        />
      </div>
    </div>
    <div
      class="card skeleton-card"
    >
      <div
        class="skeleton-image"
      />
      <div
        class="card-content"
      >
        <div
          class="skeleton-title"
        />
        <div
          class="skeleton-text"
        />
        <div
          class="skeleton-text"
        />
      </div>
    </div>
    <div
      class="card skeleton-card"
    >
      <div
        class="skeleton-image"
      />
      <div
        class="card-content"
      >
        <div
          class="skeleton-title"
        />
        <div
          class="skeleton-text"
        />
        <div
          class="skeleton-text"
        />
      </div>
    </div>
  </div>
</div>
`;
